#-----------------------------------------------------------
# Vivado v2022.1 (64-bit)
# SW Build 3526262 on Mon Apr 18 15:48:16 MDT 2022
# IP Build 3524634 on Mon Apr 18 20:55:01 MDT 2022
# Start of session at: Tue Oct 18 02:37:18 2022
# Process ID: 11864
# Current directory: C:/Users/Erbay/computer1
# Command line: vivado.exe -gui_launcher_event rodinguilauncherevent1976 C:\Users\Erbay\computer1\computer1.xpr
# Log file: C:/Users/Erbay/computer1/vivado.log
# Journal file: C:/Users/Erbay/computer1\vivado.jou
# Running On: DESKTOP-7TPKEAS, OS: Windows, CPU Frequency: 2592 MHz, CPU Physical cores: 6, Host memory: 17009 MB
#-----------------------------------------------------------
start_gui
open_project C:/Users/Erbay/computer1/computer1.xpr
update_compile_order -fileset sources_1
launch_simulation
open_wave_config C:/Users/Erbay/computer1/tb_computer_behav.wcfg
source tb_computer.tcl
restart
run 1 us
launch_runs synth_1 -jobs 8
wait_on_run synth_1
open_run synth_1 -name synth_1
close_sim
